     1                                  bits 32 ; assembling for the 32 bits architecture
     2                                  
     3                                  
     4                                  ; 11 + 5
     5                                  
     6                                  
     7                                  
     8                                  ; declare the EntryPoint (a label defining the very first instruction of the program)
     9                                  global start        
    10                                  
    11                                  ; declare external functions needed by our program
    12                                  extern exit               ; tell nasm that exit exists even if we won't be defining it
    13                                  import exit msvcrt.dll    ; exit is a function that ends the calling process. It is defined in msvcrt.dll
    14                                                            ; msvcrt.dll contains exit, printf and all the other important C-runtime specific functions
    15                                  
    16                                  ; our data is declared here (the variables needed by our program)
    17                                  segment data use32 class=data
    18 00000000 0B                          a db 11
    19 00000001 05                          b db 5
    20                                  
    21                                  ; our code starts here
    22                                  segment code use32 class=code
    23                                      start:
    24 00000000 A0[00000000]                    mov AL, [a]
    25 00000005 8A25[01000000]                  mov AH, [b]
    26 0000000B 00E0                            add AL, AH
    27                                      
    28                                          ; exit(0)
    29 0000000D 6A00                            push    dword 0      ; push the parameter for exit onto the stack
    30 0000000F FF15[00000000]                  call    [exit]       ; call exit to terminate the program
